[
    {
        "appid": 10,
        "playtime": 82
    },
    {
        "appid": 80,
        "playtime": 0
    },
    {
        "appid": 100,
        "playtime": 0
    },
    {
        "appid": 240,
        "playtime": 98
    }
]