{
    "created": 1340730740,
    "img": "https://steamcdn-a.akamaihd.net/steamcommunity/public/images/avatars/4a/4ad45031967e52ce05f28c7f5591227e66715c5d_full.jpg",
    "name": "Lixard",
    "url": "https://steamcommunity.com/profiles/76561198066000502/",
    "totalHours": 266.5,
    "games": [
        {
            "appid": 10,
            "playtime": 100
        },
        {
            "appid": 80,
            "playtime": 1000
        },
        {
            "appid": 100,
            "playtime": 5000
        },
        {
            "appid": 240,
            "playtime": 9890
        }
    ]
}